[case] deadlock-before
[env] AGENT_HOME=/home/agent-admin/agent-app AGENT_PORT=15034 AGENT_UPLOAD_DIR=/home/agent-admin/agent-app/upload_files AGENT_KEY_PATH=/home/agent-admin/agent-app/api_keys AGENT_LOG_DIR=/var/log/agent-app MEMORY_LIMIT=512 CPU_MAX_OCCUPY=10 MULTI_THREAD_ENABLE=true
>>> Starting Agent Boot Sequence...
[1/6] Checking User Account               [OK]
   ... Running as service user 'agent-admin' (uid=1001)
[2/6] Verifying Environment Variables     [OK]
   ... All required Envs correct
[3/6] Checking Required Files             [OK]
   ... Verified 'secret.key' with correct key string.
[4/6] Checking Port Availability          [OK]
   ... Port 15034 is available.
[5/6] Verifying Log Permission            [OK]
   ... Log directory is writable: /var/log/agent-app
[6/6] Verifying Mission Environment       [OK]
   ... MEMORY_LIMIT=512MB, CPU_MAX_OCCUPY=10%, MULTI_THREAD_ENABLE=True
------------------------------------------------------------
All Boot Checks Passed!
Agent READY
2026-05-20 10:53:29,843 [INFO] [SafetyGuard] Process priority lowered (nice=10).
2026-05-20 10:53:29,843 [INFO] Agent listening at port 15034

==================================================
 [ Agent Initiate ] Resource Check 
==================================================
 [ MEMORY ] Limit: 512MB 		[ OK ]
 [ CPU    ] Limit: 10%  		[ OK ]
 [ THREAD ] Concurrency: True 		[ WARNING ]
--------------------------------------------------
 >>> SYSTEM WARNING: POTENTIAL DEADLOCK IN CONCURRENT MODE.
==================================================

2026-05-20 10:53:31,844 [WARNING] [AgentWorker] Initializing concurrent transaction processors...
2026-05-20 10:53:31,844 [WARNING] [System] CAUTION: Strict resource locking is enabled.
2026-05-20 10:53:36,847 [INFO] [Worker-Thread-1] Process Started. Attempting to lock [Shared_Memory_A]...
2026-05-20 10:53:36,847 [INFO] [AgentWorker][Worker-Thread-1] LOCK ACQUIRED: [Shared_Memory_A]. (Holding...)
2026-05-20 10:53:36,848 [INFO] [AgentWorker][Worker-Thread-1] Processing critical data in Memory A...
2026-05-20 10:53:36,848 [INFO] [AgentWorker][Worker-Thread-2] Process Started. Attempting to lock [Socket_Pool_B]...
2026-05-20 10:53:36,848 [INFO] [AgentWorker] Waiting for worker threads to complete transactions...
2026-05-20 10:53:36,848 [INFO] [AgentWorker][Worker-Thread-2] LOCK ACQUIRED: [Socket_Pool_B]. (Holding...)
2026-05-20 10:53:36,849 [INFO] [AgentWorker][Worker-Thread-2] Establishing network connections in Pool B...
2026-05-20 10:53:38,849 [INFO] [AgentWorker][Worker-Thread-1] Need resource [Socket_Pool_B] to finish job.
2026-05-20 10:53:38,849 [INFO] [AgentWorker][Worker-Thread-1] WAITING for [Socket_Pool_B]... (Status: BLOCKED)
2026-05-20 10:53:38,849 [INFO] [AgentWorker][Worker-Thread-2] Need resource [Shared_Memory_A] to write logs.
2026-05-20 10:53:38,849 [INFO] [AgentWorker][Worker-Thread-2] WAITING for [Shared_Memory_A]... (Status: BLOCKED)
