====== SYSTEM MONITOR RESULT ======

[HEALTH CHECK]
Checking process 'agent-app-leak'... [OK] (PID: 9917)
[WARNING] TCP port 15034 is not in LISTEN state.
Checking UFW firewall status... [OK]

[PROCESS RESOURCE MONITORING]
PID PPID NLWP CPU% MEM% RSS_KB STAT ELAPSED COMMAND

RSS      : 0.0MB
DISK Used: 1%


[INFO] Log appended: /var/log/agent-app/deadlock-live.monitor.log
====== SYSTEM MONITOR RESULT ======

[HEALTH CHECK]
Checking process 'agent-app-leak'... [OK] (PID: 9949)
Checking port 15034... [OK]
Checking UFW firewall status... [OK]

[PROCESS RESOURCE MONITORING]
PID PPID NLWP CPU% MEM% RSS_KB STAT ELAPSED COMMAND
9949 9912 1 5.7 0.1 21460 SN 00:01 agent-app-leak
RSS      : 21.0MB
DISK Used: 1%


[INFO] Log appended: /var/log/agent-app/deadlock-live.monitor.log
====== SYSTEM MONITOR RESULT ======

[HEALTH CHECK]
Checking process 'agent-app-leak'... [OK] (PID: 9949)
Checking port 15034... [OK]
Checking UFW firewall status... [OK]

[PROCESS RESOURCE MONITORING]
PID PPID NLWP CPU% MEM% RSS_KB STAT ELAPSED COMMAND
9949 9912 1 2.8 0.1 21460 SN 00:02 agent-app-leak
RSS      : 21.0MB
DISK Used: 1%


[INFO] Log appended: /var/log/agent-app/deadlock-live.monitor.log
====== SYSTEM MONITOR RESULT ======

[HEALTH CHECK]
Checking process 'agent-app-leak'... [OK] (PID: 9949)
Checking port 15034... [OK]
Checking UFW firewall status... [OK]

[PROCESS RESOURCE MONITORING]
PID PPID NLWP CPU% MEM% RSS_KB STAT ELAPSED COMMAND
9949 9912 1 1.8 0.1 21460 SN 00:03 agent-app-leak
RSS      : 21.0MB
DISK Used: 1%


[INFO] Log appended: /var/log/agent-app/deadlock-live.monitor.log
====== SYSTEM MONITOR RESULT ======

[HEALTH CHECK]
Checking process 'agent-app-leak'... [OK] (PID: 9949)
Checking port 15034... [OK]
Checking UFW firewall status... [OK]

[PROCESS RESOURCE MONITORING]
PID PPID NLWP CPU% MEM% RSS_KB STAT ELAPSED COMMAND
9949 9912 1 1.3 0.1 21460 SN 00:04 agent-app-leak
RSS      : 21.0MB
DISK Used: 1%


[INFO] Log appended: /var/log/agent-app/deadlock-live.monitor.log
====== SYSTEM MONITOR RESULT ======

[HEALTH CHECK]
Checking process 'agent-app-leak'... [OK] (PID: 9949)
Checking port 15034... [OK]
Checking UFW firewall status... [OK]

[PROCESS RESOURCE MONITORING]
PID PPID NLWP CPU% MEM% RSS_KB STAT ELAPSED COMMAND
9949 9912 1 1.1 0.1 21460 SN 00:05 agent-app-leak
RSS      : 21.0MB
DISK Used: 1%


[INFO] Log appended: /var/log/agent-app/deadlock-live.monitor.log
====== SYSTEM MONITOR RESULT ======

[HEALTH CHECK]
Checking process 'agent-app-leak'... [OK] (PID: 9949)
Checking port 15034... [OK]
Checking UFW firewall status... [OK]

[PROCESS RESOURCE MONITORING]
PID PPID NLWP CPU% MEM% RSS_KB STAT ELAPSED COMMAND
9949 9912 1 0.9 0.1 21460 SN 00:06 agent-app-leak
RSS      : 21.0MB
DISK Used: 1%


[INFO] Log appended: /var/log/agent-app/deadlock-live.monitor.log
====== SYSTEM MONITOR RESULT ======

[HEALTH CHECK]
Checking process 'agent-app-leak'... [OK] (PID: 9949)
Checking port 15034... [OK]
Checking UFW firewall status... [OK]

[PROCESS RESOURCE MONITORING]
PID PPID NLWP CPU% MEM% RSS_KB STAT ELAPSED COMMAND
9949 9912 3 0.7 0.1 21524 SNl 00:07 agent-app-leak
RSS      : 21.0MB
DISK Used: 1%


[INFO] Log appended: /var/log/agent-app/deadlock-live.monitor.log
====== SYSTEM MONITOR RESULT ======

[HEALTH CHECK]
Checking process 'agent-app-leak'... [OK] (PID: 9949)
Checking port 15034... [OK]
Checking UFW firewall status... [OK]

[PROCESS RESOURCE MONITORING]
PID PPID NLWP CPU% MEM% RSS_KB STAT ELAPSED COMMAND
9949 9912 3 0.6 0.1 21524 SNl 00:08 agent-app-leak
RSS      : 21.0MB
DISK Used: 1%


[INFO] Log appended: /var/log/agent-app/deadlock-live.monitor.log
====== SYSTEM MONITOR RESULT ======

[HEALTH CHECK]
Checking process 'agent-app-leak'... [OK] (PID: 9949)
Checking port 15034... [OK]
Checking UFW firewall status... [OK]

[PROCESS RESOURCE MONITORING]
PID PPID NLWP CPU% MEM% RSS_KB STAT ELAPSED COMMAND
9949 9912 3 0.6 0.1 21524 SNl 00:09 agent-app-leak
RSS      : 21.0MB
DISK Used: 1%


[INFO] Log appended: /var/log/agent-app/deadlock-live.monitor.log
====== SYSTEM MONITOR RESULT ======

[HEALTH CHECK]
Checking process 'agent-app-leak'... [OK] (PID: 9949)
Checking port 15034... [OK]
Checking UFW firewall status... [OK]

[PROCESS RESOURCE MONITORING]
PID PPID NLWP CPU% MEM% RSS_KB STAT ELAPSED COMMAND
9949 9912 3 0.5 0.1 21524 SNl 00:10 agent-app-leak
RSS      : 21.0MB
DISK Used: 1%


[INFO] Log appended: /var/log/agent-app/deadlock-live.monitor.log
====== SYSTEM MONITOR RESULT ======

[HEALTH CHECK]
Checking process 'agent-app-leak'... [OK] (PID: 9949)
Checking port 15034... [OK]
Checking UFW firewall status... [OK]

[PROCESS RESOURCE MONITORING]
PID PPID NLWP CPU% MEM% RSS_KB STAT ELAPSED COMMAND
9949 9912 3 0.5 0.1 21524 SNl 00:11 agent-app-leak
RSS      : 21.0MB
DISK Used: 1%


[INFO] Log appended: /var/log/agent-app/deadlock-live.monitor.log
====== SYSTEM MONITOR RESULT ======

[HEALTH CHECK]
Checking process 'agent-app-leak'... [OK] (PID: 9949)
Checking port 15034... [OK]
Checking UFW firewall status... [OK]

[PROCESS RESOURCE MONITORING]
PID PPID NLWP CPU% MEM% RSS_KB STAT ELAPSED COMMAND
9949 9912 3 0.4 0.1 21524 SNl 00:13 agent-app-leak
RSS      : 21.0MB
DISK Used: 1%


[INFO] Log appended: /var/log/agent-app/deadlock-live.monitor.log
====== SYSTEM MONITOR RESULT ======

[HEALTH CHECK]
Checking process 'agent-app-leak'... [OK] (PID: 9949)
Checking port 15034... [OK]
Checking UFW firewall status... [OK]

[PROCESS RESOURCE MONITORING]
PID PPID NLWP CPU% MEM% RSS_KB STAT ELAPSED COMMAND
9949 9912 3 0.4 0.1 21524 SNl 00:14 agent-app-leak
RSS      : 21.0MB
DISK Used: 1%


[INFO] Log appended: /var/log/agent-app/deadlock-live.monitor.log
====== SYSTEM MONITOR RESULT ======

[HEALTH CHECK]
Checking process 'agent-app-leak'... [OK] (PID: 9949)
Checking port 15034... [OK]
Checking UFW firewall status... [OK]

[PROCESS RESOURCE MONITORING]
PID PPID NLWP CPU% MEM% RSS_KB STAT ELAPSED COMMAND
9949 9912 3 0.3 0.1 21524 SNl 00:15 agent-app-leak
RSS      : 21.0MB
DISK Used: 1%


[INFO] Log appended: /var/log/agent-app/deadlock-live.monitor.log
====== SYSTEM MONITOR RESULT ======

[HEALTH CHECK]
Checking process 'agent-app-leak'... [OK] (PID: 9949)
Checking port 15034... [OK]
Checking UFW firewall status... [OK]

[PROCESS RESOURCE MONITORING]
PID PPID NLWP CPU% MEM% RSS_KB STAT ELAPSED COMMAND
9949 9912 3 0.3 0.1 21524 SNl 00:16 agent-app-leak
RSS      : 21.0MB
DISK Used: 1%


[INFO] Log appended: /var/log/agent-app/deadlock-live.monitor.log
====== SYSTEM MONITOR RESULT ======

[HEALTH CHECK]
Checking process 'agent-app-leak'... [OK] (PID: 9949)
Checking port 15034... [OK]
Checking UFW firewall status... [OK]

[PROCESS RESOURCE MONITORING]
PID PPID NLWP CPU% MEM% RSS_KB STAT ELAPSED COMMAND
9949 9912 3 0.3 0.1 21524 SNl 00:17 agent-app-leak
RSS      : 21.0MB
DISK Used: 1%


[INFO] Log appended: /var/log/agent-app/deadlock-live.monitor.log
====== SYSTEM MONITOR RESULT ======

[HEALTH CHECK]
Checking process 'agent-app-leak'... [OK] (PID: 9949)
Checking port 15034... [OK]
Checking UFW firewall status... [OK]

[PROCESS RESOURCE MONITORING]
PID PPID NLWP CPU% MEM% RSS_KB STAT ELAPSED COMMAND
9949 9912 3 0.3 0.1 21524 SNl 00:18 agent-app-leak
RSS      : 21.0MB
DISK Used: 1%


[INFO] Log appended: /var/log/agent-app/deadlock-live.monitor.log
====== SYSTEM MONITOR RESULT ======

[HEALTH CHECK]
Checking process 'agent-app-leak'... [OK] (PID: 9949)
Checking port 15034... [OK]
Checking UFW firewall status... [OK]

[PROCESS RESOURCE MONITORING]
PID PPID NLWP CPU% MEM% RSS_KB STAT ELAPSED COMMAND
9949 9912 3 0.3 0.1 21524 SNl 00:19 agent-app-leak
RSS      : 21.0MB
DISK Used: 1%


[INFO] Log appended: /var/log/agent-app/deadlock-live.monitor.log
====== SYSTEM MONITOR RESULT ======

[HEALTH CHECK]
Checking process 'agent-app-leak'... [OK] (PID: 9949)
Checking port 15034... [OK]
Checking UFW firewall status... [OK]

[PROCESS RESOURCE MONITORING]
PID PPID NLWP CPU% MEM% RSS_KB STAT ELAPSED COMMAND
9949 9912 3 0.2 0.1 21524 SNl 00:20 agent-app-leak
RSS      : 21.0MB
DISK Used: 1%


[INFO] Log appended: /var/log/agent-app/deadlock-live.monitor.log
====== SYSTEM MONITOR RESULT ======

[HEALTH CHECK]
Checking process 'agent-app-leak'... [OK] (PID: 9949)
Checking port 15034... [OK]
Checking UFW firewall status... [OK]

[PROCESS RESOURCE MONITORING]
PID PPID NLWP CPU% MEM% RSS_KB STAT ELAPSED COMMAND
9949 9912 3 0.2 0.1 21524 SNl 00:21 agent-app-leak
RSS      : 21.0MB
DISK Used: 1%


[INFO] Log appended: /var/log/agent-app/deadlock-live.monitor.log
====== SYSTEM MONITOR RESULT ======

[HEALTH CHECK]
Checking process 'agent-app-leak'... [OK] (PID: 9949)
Checking port 15034... [OK]
Checking UFW firewall status... [OK]

[PROCESS RESOURCE MONITORING]
PID PPID NLWP CPU% MEM% RSS_KB STAT ELAPSED COMMAND
9949 9912 3 0.2 0.1 21524 SNl 00:22 agent-app-leak
RSS      : 21.0MB
DISK Used: 1%


[INFO] Log appended: /var/log/agent-app/deadlock-live.monitor.log
====== SYSTEM MONITOR RESULT ======

[HEALTH CHECK]
Checking process 'agent-app-leak'... [OK] (PID: 9949)
Checking port 15034... [OK]
Checking UFW firewall status... [OK]

[PROCESS RESOURCE MONITORING]
PID PPID NLWP CPU% MEM% RSS_KB STAT ELAPSED COMMAND
9949 9912 3 0.2 0.1 21524 SNl 00:23 agent-app-leak
RSS      : 21.0MB
DISK Used: 1%


[INFO] Log appended: /var/log/agent-app/deadlock-live.monitor.log
====== SYSTEM MONITOR RESULT ======

[HEALTH CHECK]
Checking process 'agent-app-leak'... [OK] (PID: 9949)
Checking port 15034... [OK]
Checking UFW firewall status... [OK]

[PROCESS RESOURCE MONITORING]
PID PPID NLWP CPU% MEM% RSS_KB STAT ELAPSED COMMAND
9949 9912 3 0.2 0.1 21524 SNl 00:24 agent-app-leak
RSS      : 21.0MB
DISK Used: 1%


[INFO] Log appended: /var/log/agent-app/deadlock-live.monitor.log
====== SYSTEM MONITOR RESULT ======

[HEALTH CHECK]
Checking process 'agent-app-leak'... [OK] (PID: 9949)
Checking port 15034... [OK]
Checking UFW firewall status... [OK]

[PROCESS RESOURCE MONITORING]
PID PPID NLWP CPU% MEM% RSS_KB STAT ELAPSED COMMAND
9949 9912 3 0.2 0.1 21524 SNl 00:26 agent-app-leak
RSS      : 21.0MB
DISK Used: 1%


[INFO] Log appended: /var/log/agent-app/deadlock-live.monitor.log
====== SYSTEM MONITOR RESULT ======

[HEALTH CHECK]
Checking process 'agent-app-leak'... [OK] (PID: 9949)
Checking port 15034... [OK]
Checking UFW firewall status... [OK]

[PROCESS RESOURCE MONITORING]
PID PPID NLWP CPU% MEM% RSS_KB STAT ELAPSED COMMAND
9949 9912 3 0.2 0.1 21524 SNl 00:27 agent-app-leak
RSS      : 21.0MB
DISK Used: 1%


[INFO] Log appended: /var/log/agent-app/deadlock-live.monitor.log
